\BOOKMARK [0][-]{chapter.1}{\376\377\000P\000e\000n\000g\000e\000n\000a\000l\000a\000n}{}% 1
\BOOKMARK [1][-]{section.1.1}{\376\377\000T\000e\000n\000t\000a\000n\000g\000\040\000A\000p\000l\000i\000k\000a\000s\000i}{chapter.1}% 2
\BOOKMARK [1][-]{section.1.2}{\376\377\000S\000i\000a\000p\000a\000\040\000y\000a\000n\000g\000\040\000M\000e\000m\000b\000u\000t\000u\000h\000k\000a\000n\000\040\000A\000l\000a\000t\000\040\000I\000n\000i}{chapter.1}% 3
\BOOKMARK [1][-]{section.1.3}{\376\377\000P\000r\000i\000n\000s\000i\000p\000\040\000D\000a\000s\000a\000r}{chapter.1}% 4
\BOOKMARK [0][-]{chapter.2}{\376\377\000P\000e\000r\000s\000i\000a\000p\000a\000n\000\040\000d\000a\000n\000\040\000A\000k\000s\000e\000s}{}% 5
\BOOKMARK [1][-]{section.2.1}{\376\377\000P\000r\000a\000s\000y\000a\000r\000a\000t\000\040\000S\000i\000s\000t\000e\000m}{chapter.2}% 6
\BOOKMARK [1][-]{section.2.2}{\376\377\000M\000e\000n\000g\000a\000k\000s\000e\000s\000\040\000A\000p\000l\000i\000k\000a\000s\000i}{chapter.2}% 7
\BOOKMARK [1][-]{section.2.3}{\376\377\000D\000a\000s\000h\000b\000o\000a\000r\000d}{chapter.2}% 8
\BOOKMARK [0][-]{chapter.3}{\376\377\000M\000e\000m\000b\000u\000a\000t\000\040\000S\000k\000e\000n\000a\000r\000i\000o}{}% 9
\BOOKMARK [1][-]{section.3.1}{\376\377\000L\000a\000n\000g\000k\000a\000h\000\040\0001\000:\000\040\000I\000d\000e\000n\000t\000i\000t\000a\000s}{chapter.3}% 10
\BOOKMARK [1][-]{section.3.2}{\376\377\000L\000a\000n\000g\000k\000a\000h\000\040\0002\000:\000\040\000S\000t\000r\000u\000k\000t\000u\000r\000\040\000P\000e\000m\000b\000i\000a\000y\000a\000a\000n}{chapter.3}% 11
\BOOKMARK [1][-]{section.3.3}{\376\377\000L\000a\000n\000g\000k\000a\000h\000\040\0003\000:\000\040\000K\000o\000n\000d\000i\000s\000i\000\040\000U\000s\000a\000h\000a}{chapter.3}% 12
\BOOKMARK [1][-]{section.3.4}{\376\377\000L\000a\000n\000g\000k\000a\000h\000\040\0004\000:\000\040\000D\000a\000m\000p\000a\000k\000\040\000P\000e\000m\000b\000i\000a\000y\000a\000a\000n}{chapter.3}% 13
\BOOKMARK [0][-]{chapter.4}{\376\377\000M\000e\000m\000a\000h\000a\000m\000i\000\040\000H\000a\000s\000i\000l}{}% 14
\BOOKMARK [1][-]{section.4.1}{\376\377\000R\000i\000n\000g\000k\000a\000s\000a\000n\000\040\000E\000k\000s\000e\000k\000u\000t\000i\000f}{chapter.4}% 15
\BOOKMARK [1][-]{section.4.2}{\376\377\000A\000r\000u\000s\000\040\000K\000a\000s}{chapter.4}% 16
\BOOKMARK [1][-]{section.4.3}{\376\377\000M\000e\000t\000r\000i\000k\000\040\000K\000e\000l\000a\000y\000a\000k\000a\000n}{chapter.4}% 17
\BOOKMARK [2][-]{subsection.4.3.1}{\376\377\000E\000A\000R\000\040\000\050\000E\000f\000f\000e\000c\000t\000i\000v\000e\000\040\000A\000n\000n\000u\000a\000l\000\040\000R\000a\000t\000e\000\051}{section.4.3}% 18
\BOOKMARK [2][-]{subsection.4.3.2}{\376\377\000D\000S\000C\000R\000\040\000\050\000D\000e\000b\000t\000\040\000S\000e\000r\000v\000i\000c\000e\000\040\000C\000o\000v\000e\000r\000a\000g\000e\000\040\000R\000a\000t\000i\000o\000\051}{section.4.3}% 19
\BOOKMARK [2][-]{subsection.4.3.3}{\376\377\000N\000P\000V\000\040\000\050\000N\000e\000t\000\040\000P\000r\000e\000s\000e\000n\000t\000\040\000V\000a\000l\000u\000e\000\051}{section.4.3}% 20
\BOOKMARK [2][-]{subsection.4.3.4}{\376\377\000I\000R\000R\000\040\000\050\000I\000n\000t\000e\000r\000n\000a\000l\000\040\000R\000a\000t\000e\000\040\000o\000f\000\040\000R\000e\000t\000u\000r\000n\000\051}{section.4.3}% 21
\BOOKMARK [2][-]{subsection.4.3.5}{\376\377\000D\000E\000R\000\040\000\050\000D\000e\000b\000t\000\040\000t\000o\000\040\000E\000q\000u\000i\000t\000y\000\040\000R\000a\000t\000i\000o\000\051}{section.4.3}% 22
\BOOKMARK [2][-]{subsection.4.3.6}{\376\377\000R\000O\000I\000\040\000T\000a\000h\000u\000n\000a\000n}{section.4.3}% 23
\BOOKMARK [2][-]{subsection.4.3.7}{\376\377\000B\000E\000P\000\040\000\050\000B\000r\000e\000a\000k\000-\000E\000v\000e\000n\000\040\000P\000o\000i\000n\000t\000\051}{section.4.3}% 24
\BOOKMARK [1][-]{section.4.4}{\376\377\000P\000a\000n\000e\000l\000\040\000F\000o\000r\000m\000u\000l\000a}{chapter.4}% 25
\BOOKMARK [0][-]{chapter.5}{\376\377\000F\000i\000t\000u\000r\000\040\000L\000a\000n\000j\000u\000t\000a\000n}{}% 26
\BOOKMARK [1][-]{section.5.1}{\376\377\000A\000n\000a\000l\000i\000s\000i\000s\000\040\000S\000e\000n\000s\000i\000t\000i\000v\000i\000t\000a\000s}{chapter.5}% 27
\BOOKMARK [1][-]{section.5.2}{\376\377\000P\000e\000r\000b\000a\000n\000d\000i\000n\000g\000a\000n\000\040\000A\000n\000t\000a\000r\000-\000S\000k\000e\000n\000a\000r\000i\000o}{chapter.5}% 28
\BOOKMARK [1][-]{section.5.3}{\376\377\000S\000i\000m\000u\000l\000a\000s\000i\000\040\000M\000o\000n\000t\000e\000\040\000C\000a\000r\000l\000o}{chapter.5}% 29
\BOOKMARK [1][-]{section.5.4}{\376\377\000D\000e\000t\000e\000k\000s\000i\000\040\000A\000n\000o\000m\000a\000l\000i}{chapter.5}% 30
\BOOKMARK [1][-]{section.5.5}{\376\377\000O\000p\000t\000i\000m\000i\000z\000e\000r\000\040\000S\000t\000r\000u\000k\000t\000u\000r\000\040\000P\000e\000m\000b\000i\000a\000y\000a\000a\000n}{chapter.5}% 31
\BOOKMARK [0][-]{chapter.6}{\376\377\000A\000l\000a\000t\000\040\000B\000a\000n\000t\000u\000\040\000A\000n\000a\000l\000i\000s\000i\000s}{}% 32
\BOOKMARK [1][-]{section.6.1}{\376\377\000E\000k\000s\000t\000r\000a\000k\000s\000i\000\040\000D\000o\000k\000u\000m\000e\000n}{chapter.6}% 33
\BOOKMARK [1][-]{section.6.2}{\376\377\000N\000a\000r\000a\000s\000i\000\040\000O\000t\000o\000m\000a\000t\000i\000s}{chapter.6}% 34
\BOOKMARK [1][-]{section.6.3}{\376\377\000C\000o\000p\000i\000l\000o\000t}{chapter.6}% 35
\BOOKMARK [1][-]{section.6.4}{\376\377\000P\000e\000m\000e\000r\000i\000k\000s\000a\000a\000n\000\040\000K\000e\000p\000a\000t\000u\000h\000a\000n\000\040\000S\000y\000a\000r\000i\000a\000h}{chapter.6}% 36
\BOOKMARK [1][-]{section.6.5}{\376\377\000L\000a\000p\000o\000r\000a\000n\000\040\000P\000D\000F}{chapter.6}% 37
\BOOKMARK [0][-]{chapter.7}{\376\377\000I\000n\000t\000e\000r\000p\000r\000e\000t\000a\000s\000i\000\040\000H\000a\000s\000i\000l}{}% 38
\BOOKMARK [1][-]{section.7.1}{\376\377\000S\000t\000a\000t\000u\000s\000\040\000K\000e\000l\000a\000y\000a\000k\000a\000n}{chapter.7}% 39
\BOOKMARK [1][-]{section.7.2}{\376\377\000T\000a\000b\000e\000l\000\040\000A\000m\000b\000a\000n\000g\000\040\000B\000a\000t\000a\000s}{chapter.7}% 40
\BOOKMARK [1][-]{section.7.3}{\376\377\000V\000a\000r\000i\000a\000n\000\040\000S\000k\000e\000n\000a\000r\000i\000o}{chapter.7}% 41
\BOOKMARK [0][-]{chapter.8}{\376\377\000P\000e\000n\000g\000e\000l\000o\000l\000a\000a\000n\000\040\000D\000a\000t\000a}{}% 42
\BOOKMARK [1][-]{section.8.1}{\376\377\000D\000a\000t\000a\000\040\000U\000j\000i\000\040\000B\000a\000w\000a\000a\000n}{chapter.8}% 43
\BOOKMARK [1][-]{section.8.2}{\376\377\000C\000a\000d\000a\000n\000g\000a\000n\000\040\000d\000a\000n\000\040\000P\000e\000m\000u\000l\000i\000h\000a\000n}{chapter.8}% 44
\BOOKMARK [0][-]{chapter.9}{\376\377\000B\000a\000t\000a\000s\000a\000n\000\040\000M\000o\000d\000e\000l}{}% 45
\BOOKMARK [0][-]{chapter.10}{\376\377\000P\000e\000m\000e\000c\000a\000h\000a\000n\000\040\000M\000a\000s\000a\000l\000a\000h}{}% 46
\BOOKMARK [1][-]{section.10.1}{\376\377\000M\000e\000t\000r\000i\000k\000\040\000M\000e\000n\000a\000m\000p\000i\000l\000k\000a\000n\000\040\000"\040\023\000"}{chapter.10}% 47
\BOOKMARK [1][-]{section.10.2}{\376\377\000S\000t\000a\000t\000u\000s\000\040\000"\000T\000I\000D\000A\000K\000\040\000L\000A\000Y\000A\000K\000"\000\040\000u\000n\000t\000u\000k\000\040\000S\000k\000e\000n\000a\000r\000i\000o\000\040\000B\000a\000r\000u}{chapter.10}% 48
\BOOKMARK [1][-]{section.10.3}{\376\377\000H\000a\000l\000a\000m\000a\000n\000\040\000T\000i\000d\000a\000k\000\040\000T\000e\000r\000m\000u\000a\000t}{chapter.10}% 49
\BOOKMARK [0][-]{chapter.11}{\376\377\000R\000e\000f\000e\000r\000e\000n\000s\000i\000\040\000T\000e\000k\000n\000i\000s}{}% 50
\BOOKMARK [1][-]{section.11.1}{\376\377\000R\000u\000m\000u\000s\000\040\000P\000e\000r\000h\000i\000t\000u\000n\000g\000a\000n}{chapter.11}% 51
\BOOKMARK [2][-]{subsection.11.1.1}{\376\377\000J\000a\000d\000w\000a\000l\000\040\000P\000e\000m\000b\000i\000a\000y\000a\000a\000n\000\040\040\024\000\040\000A\000n\000u\000i\000t\000a\000s}{section.11.1}% 52
\BOOKMARK [2][-]{subsection.11.1.2}{\376\377\000J\000a\000d\000w\000a\000l\000\040\000P\000e\000m\000b\000i\000a\000y\000a\000a\000n\000\040\040\024\000\040\000F\000l\000a\000t}{section.11.1}% 53
\BOOKMARK [2][-]{subsection.11.1.3}{\376\377\000J\000a\000d\000w\000a\000l\000\040\000P\000e\000m\000b\000i\000a\000y\000a\000a\000n\000\040\040\024\000\040\000M\000u\000s\000y\000a\000r\000a\000k\000a\000h\000\040\000M\000u\000t\000a\000n\000a\000q\000i\000s\000h\000a\000h}{section.11.1}% 54
\BOOKMARK [2][-]{subsection.11.1.4}{\376\377\000N\000o\000r\000m\000a\000l\000i\000s\000a\000s\000i\000\040\000E\000A\000R}{section.11.1}% 55
\BOOKMARK [2][-]{subsection.11.1.5}{\376\377\000E\000A\000R\000\040\000d\000a\000r\000i\000\040\000J\000a\000d\000w\000a\000l\000\040\000P\000e\000m\000b\000a\000y\000a\000r\000a\000n}{section.11.1}% 56
\BOOKMARK [2][-]{subsection.11.1.6}{\376\377\000A\000r\000u\000s\000\040\000K\000a\000s}{section.11.1}% 57
\BOOKMARK [2][-]{subsection.11.1.7}{\376\377\000B\000E\000P\000\040\000\050\000B\000r\000e\000a\000k\000-\000E\000v\000e\000n\000\040\000P\000o\000i\000n\000t\000\051}{section.11.1}% 58
\BOOKMARK [1][-]{section.11.2}{\376\377\000S\000k\000e\000m\000a\000\040\000D\000a\000t\000a\000b\000a\000s\000e}{chapter.11}% 59
\BOOKMARK [0][-]{appendix.A}{\376\377\000G\000l\000o\000s\000a\000r\000i\000u\000m}{}% 60
